// Jest Snapshot v1, https://goo.gl/fbAQLP

exports[`testing UserAvatar component matching snapshot 1`] = `
<styled.img
  alt="avatar"
  src="https://via.placeholder.com/150"
/>
`;
