// Jest Snapshot v1, https://goo.gl/fbAQLP

exports[`App component renders as expected 1`] = `
<HashRouter>
  <Styled(WithStyles(Paper))
    classes={
      Object {
        "root": "App-paper-1",
      }
    }
  >
    <GlobalStyleComponent />
    <Styled(WithStyles(Paper))>
      <withRouter(HeaderContainer)
        render={[Function]}
      />
      <Switch>
        <Route
          component={[Function]}
          exact={true}
          path="/"
        />
        <Route
          exact={true}
          path="/:user"
          render={[Function]}
        />
        <Route
          component={[Function]}
        />
      </Switch>
    </Styled(WithStyles(Paper))>
  </Styled(WithStyles(Paper))>
</HashRouter>
`;
