// Jest Snapshot v1, https://goo.gl/fbAQLP

exports[`testing EmptyUser Component should match snapshot 1`] = `
<WithStyles(Typography)
  variant="h5"
>
  Here will be a profile from Github. Enter above a Github login to see more.
</WithStyles(Typography)>
`;
