// Jest Snapshot v1, https://goo.gl/fbAQLP

exports[`testing NotFound Component should match snapshot 1`] = `
<WithStyles(Typography)
  variant="h5"
>
  User that you are looking for not exist
</WithStyles(Typography)>
`;
