// Jest Snapshot v1, https://goo.gl/fbAQLP

exports[`testing UserReposList component matching snapshot 1`] = `
<fieldset>
  <legend>
    Projects
  </legend>
  <ul>
    <UserReposListItem
      hideSingleRepo={[MockFunction]}
      key="1"
      listItem={
        Object {
          "description": "First repo description",
          "forks_count": 0,
          "html_url": "https://github.com/aOko123/firstRepo",
          "id": 1,
          "name": "firstRepo",
          "stargazers_count": 0,
        }
      }
      openSingleRepo={[MockFunction]}
      selectUserRepo={[MockFunction]}
    />
    <UserReposListItem
      hideSingleRepo={[MockFunction]}
      key="2"
      listItem={
        Object {
          "description": "Second repo description",
          "forks_count": 0,
          "html_url": "https://github.com/aOko123/secondRepo",
          "id": 2,
          "name": "secondRepo",
          "stargazers_count": 0,
        }
      }
      openSingleRepo={[MockFunction]}
      selectUserRepo={[MockFunction]}
    />
  </ul>
</fieldset>
`;
